// Jest Snapshot v1, https://goo.gl/fbAQLP

exports[`matches snapshot 1`] = `
<div>
  <h2>
    Rendering of this type of attachment is not supported.
  </h2>
  <p>
    Please check your mimetype: 
    application/epub+zip
  </p>
</div>
`;
